../Core/Src/main.c:67:6:Buzzer_Beep	24	static
../Core/Src/main.c:85:5:main	8	static
../Core/Src/main.c:140:6:SystemClock_Config	88	static
../Core/Src/main.c:182:13:MX_TIM1_Init	80	static
../Core/Src/main.c:247:13:MX_TIM2_Init	48	static
../Core/Src/main.c:296:13:MX_USART1_UART_Init	8	static
../Core/Src/main.c:327:13:MX_DMA_Init	16	static
../Core/Src/main.c:348:13:MX_GPIO_Init	16	static
../Core/Src/main.c:366:6:Control_Peltier_Voltage	24	static
../Core/Src/main.c:383:6:Error_Handler	4	static,ignoring_inline_asm
