Archive member included to satisfy reference by file (symbol)

/home/Andrea/st/stm32cubeide_1.16.1_2/plugins/com.st.stm32cube.ide.mcu.externaltools.gnu-tools-for-stm32.12.3.rel1.linux64_1.0.200.202406132123/tools/bin/../lib/gcc/arm-none-eabi/12.3.1/../../../../arm-none-eabi/lib/thumb/v7-m/nofp/libc_nano.a(libc_a-exit.o)
                              /home/Andrea/st/stm32cubeide_1.16.1_2/plugins/com.st.stm32cube.ide.mcu.externaltools.gnu-tools-for-stm32.12.3.rel1.linux64_1.0.200.202406132123/tools/bin/../lib/gcc/arm-none-eabi/12.3.1/../../../../arm-none-eabi/lib/thumb/v7-m/nofp/crt0.o (exit)
/home/Andrea/st/stm32cubeide_1.16.1_2/plugins/com.st.stm32cube.ide.mcu.externaltools.gnu-tools-for-stm32.12.3.rel1.linux64_1.0.200.202406132123/tools/bin/../lib/gcc/arm-none-eabi/12.3.1/../../../../arm-none-eabi/lib/thumb/v7-m/nofp/libc_nano.a(libc_a-findfp.o)
                              /home/Andrea/st/stm32cubeide_1.16.1_2/plugins/com.st.stm32cube.ide.mcu.externaltools.gnu-tools-for-stm32.12.3.rel1.linux64_1.0.200.202406132123/tools/bin/../lib/gcc/arm-none-eabi/12.3.1/../../../../arm-none-eabi/lib/thumb/v7-m/nofp/libc_nano.a(libc_a-exit.o) (__stdio_exit_handler)
/home/Andrea/st/stm32cubeide_1.16.1_2/plugins/com.st.stm32cube.ide.mcu.externaltools.gnu-tools-for-stm32.12.3.rel1.linux64_1.0.200.202406132123/tools/bin/../lib/gcc/arm-none-eabi/12.3.1/../../../../arm-none-eabi/lib/thumb/v7-m/nofp/libc_nano.a(libc_a-fwalk.o)
                              /home/Andrea/st/stm32cubeide_1.16.1_2/plugins/com.st.stm32cube.ide.mcu.externaltools.gnu-tools-for-stm32.12.3.rel1.linux64_1.0.200.202406132123/tools/bin/../lib/gcc/arm-none-eabi/12.3.1/../../../../arm-none-eabi/lib/thumb/v7-m/nofp/libc_nano.a(libc_a-findfp.o) (_fwalk_sglue)
/home/Andrea/st/stm32cubeide_1.16.1_2/plugins/com.st.stm32cube.ide.mcu.externaltools.gnu-tools-for-stm32.12.3.rel1.linux64_1.0.200.202406132123/tools/bin/../lib/gcc/arm-none-eabi/12.3.1/../../../../arm-none-eabi/lib/thumb/v7-m/nofp/libc_nano.a(libc_a-stdio.o)
                              /home/Andrea/st/stm32cubeide_1.16.1_2/plugins/com.st.stm32cube.ide.mcu.externaltools.gnu-tools-for-stm32.12.3.rel1.linux64_1.0.200.202406132123/tools/bin/../lib/gcc/arm-none-eabi/12.3.1/../../../../arm-none-eabi/lib/thumb/v7-m/nofp/libc_nano.a(libc_a-findfp.o) (__sread)
/home/Andrea/st/stm32cubeide_1.16.1_2/plugins/com.st.stm32cube.ide.mcu.externaltools.gnu-tools-for-stm32.12.3.rel1.linux64_1.0.200.202406132123/tools/bin/../lib/gcc/arm-none-eabi/12.3.1/../../../../arm-none-eabi/lib/thumb/v7-m/nofp/libc_nano.a(libc_a-memset.o)
                              /home/Andrea/st/stm32cubeide_1.16.1_2/plugins/com.st.stm32cube.ide.mcu.externaltools.gnu-tools-for-stm32.12.3.rel1.linux64_1.0.200.202406132123/tools/bin/../lib/gcc/arm-none-eabi/12.3.1/../../../../arm-none-eabi/lib/thumb/v7-m/nofp/crt0.o (memset)
/home/Andrea/st/stm32cubeide_1.16.1_2/plugins/com.st.stm32cube.ide.mcu.externaltools.gnu-tools-for-stm32.12.3.rel1.linux64_1.0.200.202406132123/tools/bin/../lib/gcc/arm-none-eabi/12.3.1/../../../../arm-none-eabi/lib/thumb/v7-m/nofp/libc_nano.a(libc_a-closer.o)
                              /home/Andrea/st/stm32cubeide_1.16.1_2/plugins/com.st.stm32cube.ide.mcu.externaltools.gnu-tools-for-stm32.12.3.rel1.linux64_1.0.200.202406132123/tools/bin/../lib/gcc/arm-none-eabi/12.3.1/../../../../arm-none-eabi/lib/thumb/v7-m/nofp/libc_nano.a(libc_a-stdio.o) (_close_r)
/home/Andrea/st/stm32cubeide_1.16.1_2/plugins/com.st.stm32cube.ide.mcu.externaltools.gnu-tools-for-stm32.12.3.rel1.linux64_1.0.200.202406132123/tools/bin/../lib/gcc/arm-none-eabi/12.3.1/../../../../arm-none-eabi/lib/thumb/v7-m/nofp/libc_nano.a(libc_a-reent.o)
                              /home/Andrea/st/stm32cubeide_1.16.1_2/plugins/com.st.stm32cube.ide.mcu.externaltools.gnu-tools-for-stm32.12.3.rel1.linux64_1.0.200.202406132123/tools/bin/../lib/gcc/arm-none-eabi/12.3.1/../../../../arm-none-eabi/lib/thumb/v7-m/nofp/libc_nano.a(libc_a-closer.o) (errno)
/home/Andrea/st/stm32cubeide_1.16.1_2/plugins/com.st.stm32cube.ide.mcu.externaltools.gnu-tools-for-stm32.12.3.rel1.linux64_1.0.200.202406132123/tools/bin/../lib/gcc/arm-none-eabi/12.3.1/../../../../arm-none-eabi/lib/thumb/v7-m/nofp/libc_nano.a(libc_a-impure.o)
                              /home/Andrea/st/stm32cubeide_1.16.1_2/plugins/com.st.stm32cube.ide.mcu.externaltools.gnu-tools-for-stm32.12.3.rel1.linux64_1.0.200.202406132123/tools/bin/../lib/gcc/arm-none-eabi/12.3.1/../../../../arm-none-eabi/lib/thumb/v7-m/nofp/libc_nano.a(libc_a-reent.o) (_impure_ptr)
/home/Andrea/st/stm32cubeide_1.16.1_2/plugins/com.st.stm32cube.ide.mcu.externaltools.gnu-tools-for-stm32.12.3.rel1.linux64_1.0.200.202406132123/tools/bin/../lib/gcc/arm-none-eabi/12.3.1/../../../../arm-none-eabi/lib/thumb/v7-m/nofp/libc_nano.a(libc_a-lseekr.o)
[...]
Memory Configuration

Name             Origin             Length             Attributes
RAM              0x20000000         0x00014000         xrw
FLASH            0x08000000         0x00080000         xr
*default*        0x00000000         0xffffffff

Linker script and memory map

LOAD /home/Andrea/st/stm32cubeide_1.16.1_2/plugins/com.st.stm32cube.ide.mcu.externaltools.gnu-tools-for-stm32.12.3.rel1.linux64_1.0.200.202406132123/tools/bin/../lib/gcc/arm-none-eabi/12.3.1/thumb/v7-m/nofp/crti.o
LOAD /home/Andrea/st/stm32cubeide_1.16.1_2/plugins/com.st.stm32cube.ide.mcu.externaltools.gnu-tools-for-stm32.12.3.rel1.linux64_1.0.200.202406132123/tools/bin/../lib/gcc/arm-none-eabi/12.3.1/thumb/v7-m/nofp/crtbegin.o
LOAD /home/Andrea/st/stm32cubeide_1.16.1_2/plugins/com.st.stm32cube.ide.mcu.externaltools.gnu-tools-for-stm32.12.3.rel1.linux64_1.0.200.202406132123/tools/bin/../lib/gcc/arm-none-eabi/12.3.1/../../../../arm-none-eabi/lib/thumb/v7-m/nofp/crt0.o
LOAD ./Core/Src/main.o
LOAD ./Core/Src/stm32l1xx_hal_msp.o
LOAD ./Core/Src/stm32l1xx_it.o
LOAD ./Core/Src/syscalls.o
LOAD ./Core/Src/sysmem.o
LOAD ./Core/Src/system_stm32l1xx.o
LOAD ./Core/Startup/startup_stm32l152retx.o
LOAD ./Drivers/STM32L1xx_HAL_Driver/Src/stm32l1xx_hal.o
LOAD ./Drivers/STM32L1xx_HAL_Driver/Src/stm32l1xx_hal_cortex.o
LOAD ./Drivers/STM32L1xx_HAL_Driver/Src/stm32l1xx_hal_dma.o
LOAD ./Drivers/STM32L1xx_HAL_Driver/Src/stm32l1xx_hal_exti.o
LOAD ./Drivers/STM32L1xx_HAL_Driver/Src/stm32l1xx_hal_flash.o
LOAD ./Drivers/STM32L1xx_HAL_Driver/Src/stm32l1xx_hal_flash_ex.o
LOAD ./Drivers/STM32L1xx_HAL_Driver/Src/stm32l1xx_hal_flash_ramfunc.o
LOAD ./Drivers/STM32L1xx_HAL_Driver/Src/stm32l1xx_hal_gpio.o
LOAD ./Drivers/STM32L1xx_HAL_Driver/Src/stm32l1xx_hal_pwr.o
LOAD ./Drivers/STM32L1xx_HAL_Driver/Src/stm32l1xx_hal_pwr_ex.o
LOAD ./Drivers/STM32L1xx_HAL_Driver/Src/stm32l1xx_hal_rcc.o
LOAD ./Drivers/STM32L1xx_HAL_Driver/Src/stm32l1xx_hal_rcc_ex.o
START GROUP
LOAD /home/Andrea/st/stm32cubeide_1.16.1_2/plugins/com.st.stm32cube.ide.mcu.externaltools.gnu-tools-for-stm32.12.3.rel1.linux64_1.0.200.202406132123/tools/bin/../lib/gcc/arm-none-eabi/12.3.1/../../../../arm-none-eabi/lib/thumb/v7-m/nofp/libc_nano.a
LOAD /home/Andrea/st/stm32cubeide_1.16.1_2/plugins/com.st.stm32cube.ide.mcu.externaltools.gnu-tools-for-stm32.12.3.rel1.linux64_1.0.200.202406132123/tools/bin/../lib/gcc/arm-none-eabi/12.3.1/../../../../arm-none-eabi/lib/thumb/v7-m/nofp/libm.a
END GROUP
START GROUP
LOAD /home/Andrea/st/stm32cubeide_1.16.1_2/plugins/com.st.stm32cube.ide.mcu.externaltools.gnu-tools-for-stm32.12.3.rel1.linux64_1.0.200.202406132123/tools/bin/../lib/gcc/arm-none-eabi/12.3.1/thumb/v7-m/nofp/libgcc.a
LOAD /home/Andrea/st/stm32cubeide_1.16.1_2/plugins/com.st.stm32cube.ide.mcu.externaltools.gnu-tools-for-stm32.12.3.rel1.linux64_1.0.200.202406132123/tools/bin/../lib/gcc/arm-none-eabi/12.3.1/../../../../arm-none-eabi/lib/thumb/v7-m/nofp/libc_nano.a
END GROUP
START GROUP
LOAD /home/Andrea/st/stm32cubeide_1.16.1_2/plugins/com.st.stm32cube.ide.mcu.externaltools.gnu-tools-for-stm32.12.3.rel1.linux64_1.0.200.202406132123/tools/bin/../lib/gcc/arm-none-eabi/12.3.1/thumb/v7-m/nofp/libgcc.a
LOAD /home/Andrea/st/stm32cubeide_1.16.1_2/plugins/com.st.stm32cube.ide.mcu.externaltools.gnu-tools-for-stm32.12.3.rel1.linux64_1.0.200.202406132123/tools/bin/../lib/gcc/arm-none-eabi/12.3.1/../../../../arm-none-eabi/lib/thumb/v7-m/nofp/libc_nano.a
LOAD /home/Andrea/st/stm32cubeide_1.16.1_2/plugins/com.st.stm32cube.ide.mcu.externaltools.gnu-tools-for-stm32.12.3.rel1.linux64_1.0.200.202406132123/tools/bin/../lib/gcc/arm-none-eabi/12.3.1/../../../../arm-none-eabi/lib/thumb/v7-m/nofp/libnosys.a
END GROUP
START GROUP
LOAD /home/Andrea/st/stm32cubeide_1.16.1_2/plugins/com.st.stm32cube.ide.mcu.externaltools.gnu-tools-for-stm32.12.3.rel1.linux64_1.0.200.202406132123/tools/bin/../lib/gcc/arm-none-eabi/12.3.1/thumb/v7-m/nofp/libgcc.a
LOAD /home/Andrea/st/stm32cubeide_1.16.1_2/plugins/com.st.stm32cube.ide.mcu.externaltools.gnu-tools-for-stm32.12.3.rel1.linux64_1.0.200.202406132123/tools/bin/../lib/gcc/arm-none-eabi/12.3.1/../../../../arm-none-eabi/lib/thumb/v7-m/nofp/libc_nano.a
LOAD /home/Andrea/st/stm32cubeide_1.16.1_2/plugins/com.st.stm32cube.ide.mcu.externaltools.gnu-tools-for-stm32.12.3.rel1.linux64_1.0.200.202406132123/tools/bin/../lib/gcc/arm-none-eabi/12.3.1/../../../../arm-none-eabi/lib/thumb/v7-m/nofp/libnosys.a
END GROUP
LOAD /home/Andrea/st/stm32cubeide_1.16.1_2/plugins/com.st.stm32cube.ide.mcu.externaltools.gnu-tools-for-stm32.12.3.rel1.linux64_1.0.200.202406132123/tools/bin/../lib/gcc/arm-none-eabi/12.3.1/thumb/v7-m/nofp/crtend.o
LOAD /home/Andrea/st/stm32cubeide_1.16.1_2/plugins/com.st.stm32cube.ide.mcu.externaltools.gnu-tools-for-stm32.12.3.rel1.linux64_1.0.200.202406132123/tools/bin/../lib/gcc/arm-none-eabi/12.3.1/thumb/v7-m/nofp/crtn.o
                0x20014000                        _estack = (ORIGIN (RAM) + LENGTH (RAM))
                0x00000200                        _Min_Heap_Size = 0x200
                0x00000400                        _Min_Stack_Size = 0x400

.isr_vector     0x08000000      0x13c
                0x08000000                        . = ALIGN (0x4)
 *(.isr_vector)
 .isr_vector    0x08000000      0x13c ./Core/Startup/startup_stm32l152retx.o
                0x08000000                g_pfnVectors
                0x0800013c                        . = ALIGN (0x4)

.text           0x0800013c     0x12fc
                0x0800013c                        . = ALIGN (0x4)
 *(.text)
 .text          0x0800013c       0x40 /home/Andrea/st/stm32cubeide_1.16.1_2/plugins/com.st.stm32cube.ide.mcu.externaltools.gnu-tools-for-stm32.12.3.rel1.linux64_1.0.200.202406132123/tools/bin/../lib/gcc/arm-none-eabi/12.3.1/thumb/v7-m/nofp/crtbegin.o
 .text          0x0800017c       0x30 /home/Andrea/st/stm32cubeide_1.16.1_2/plugins/com.st.stm32cube.ide.mcu.externaltools.gnu-tools-for-stm32.12.3.rel1.linux64_1.0.200.202406132123/tools/bin/../lib/gcc/arm-none-eabi/12.3.1/thumb/v7-m/nofp/libgcc.a(_aeabi_uldivmod.o)
                0x0800017c                __aeabi_uldivmod
 .text          0x080001ac      0x2b8 /home/Andrea/st/stm32cubeide_1.16.1_2/plugins/com.st.stm32cube.ide.mcu.externaltools.gnu-tools-for-stm32.12.3.rel1.linux64_1.0.200.202406132123/tools/bin/../lib/gcc/arm-none-eabi/12.3.1/thumb/v7-m/nofp/libgcc.a(_udivmoddi4.o)
                0x080001ac                __udivmoddi4
 .text          0x08000464        0x4 /home/Andrea/st/stm32cubeide_1.16.1_2/plugins/com.st.stm32cube.ide.mcu.externaltools.gnu-tools-for-stm32.12.3.rel1.linux64_1.0.200.202406132123/tools/bin/../lib/gcc/arm-none-eabi/12.3.1/thumb/v7-m/nofp/libgcc.a(_dvmd_tls.o)
                0x08000464                __aeabi_ldiv0
                0x08000464                __aeabi_idiv0
 *(.text*)
 .text.main     0x08000468       0x10 ./Core/Src/main.o
                0x08000468                main
 .text.SystemClock_Config
                0x08000478       0x90 ./Core/Src/main.o
                0x08000478                SystemClock_Config
 .text.Error_Handler
                0x08000508        0xc ./Core/Src/main.o
                0x08000508                Error_Handler
 .text.HAL_MspInit
                0x08000514       0x5c ./Core/Src/stm32l1xx_hal_msp.o
                0x08000514                HAL_MspInit
 .text.NMI_Handler
                0x08000570        0x8 ./Core/Src/stm32l1xx_it.o
                0x08000570                NMI_Handler
 .text.HardFault_Handler
                0x08000578        0x8 ./Core/Src/stm32l1xx_it.o
                0x08000578                HardFault_Handler
 .text.MemManage_Handler
                0x08000580        0x8 ./Core/Src/stm32l1xx_it.o
                0x08000580                MemManage_Handler
 .text.BusFault_Handler
                0x08000588        0x8 ./Core/Src/stm32l1xx_it.o
                0x08000588                BusFault_Handler
 .text.UsageFault_Handler
                0x08000590        0x8 ./Core/Src/stm32l1xx_it.o
                0x08000590                UsageFault_Handler
 .text.SVC_Handler
                0x08000598        0xc ./Core/Src/stm32l1xx_it.o
                0x08000598                SVC_Handler
 .text.DebugMon_Handler
                0x080005a4        0xc ./Core/Src/stm32l1xx_it.o
                0x080005a4                DebugMon_Handler
 .text.PendSV_Handler
                0x080005b0        0xc ./Core/Src/stm32l1xx_it.o
                0x080005b0                PendSV_Handler
 .text.SysTick_Handler
                0x080005bc        0xc ./Core/Src/stm32l1xx_it.o
                0x080005bc                SysTick_Handler
 .text.SystemInit
                0x080005c8        0xc ./Core/Src/system_stm32l1xx.o
                0x080005c8                SystemInit
 .text.Reset_Handler
                0x080005d4       0x48 ./Core/Startup/startup_stm32l152retx.o
                0x080005d4                Reset_Handler
 .text.Default_Handler
                0x0800061c        0x2 ./Core/Startup/startup_stm32l152retx.o
                0x0800061c                RTC_Alarm_IRQHandler
                0x0800061c                EXTI2_IRQHandler
                0x0800061c                COMP_ACQ_IRQHandler
                0x0800061c                TIM10_IRQHandler
                0x0800061c                USB_HP_IRQHandler
                0x0800061c                TIM6_IRQHandler
                0x0800061c                PVD_IRQHandler
                0x0800061c                EXTI3_IRQHandler
                0x0800061c                EXTI0_IRQHandler
                0x0800061c                I2C2_EV_IRQHandler
                0x0800061c                SPI1_IRQHandler
                0x0800061c                USB_FS_WKUP_IRQHandler
                0x0800061c                DMA2_Channel2_IRQHandler
                0x0800061c                DMA1_Channel4_IRQHandler
                0x0800061c                ADC1_IRQHandler
                0x0800061c                USART3_IRQHandler
                0x0800061c                DMA1_Channel7_IRQHandler
                0x0800061c                LCD_IRQHandler
                0x0800061c                UART5_IRQHandler
                0x0800061c                TIM4_IRQHandler
                0x0800061c                DMA2_Channel1_IRQHandler
                0x0800061c                I2C1_EV_IRQHandler
                0x0800061c                DMA1_Channel6_IRQHandler
                0x0800061c                UART4_IRQHandler
                0x0800061c                DMA2_Channel4_IRQHandler
                0x0800061c                TIM3_IRQHandler
                0x0800061c                RCC_IRQHandler
                0x0800061c                DMA1_Channel1_IRQHandler
                0x0800061c                Default_Handler
                0x0800061c                EXTI15_10_IRQHandler
                0x0800061c                TIM7_IRQHandler
                0x0800061c                TIM5_IRQHandler
                0x0800061c                EXTI9_5_IRQHandler
                0x0800061c                TIM9_IRQHandler
                0x0800061c                TAMPER_STAMP_IRQHandler
                0x0800061c                RTC_WKUP_IRQHandler
                0x0800061c                SPI2_IRQHandler
                0x0800061c                DMA2_Channel5_IRQHandler
                0x0800061c                DMA1_Channel5_IRQHandler
                0x0800061c                USB_LP_IRQHandler
                0x0800061c                EXTI4_IRQHandler
                0x0800061c                DMA1_Channel3_IRQHandler
                0x0800061c                COMP_IRQHandler
                0x0800061c                WWDG_IRQHandler
                0x0800061c                TIM2_IRQHandler
                0x0800061c                DAC_IRQHandler
                0x0800061c                EXTI1_IRQHandler
                0x0800061c                TIM11_IRQHandler
                0x0800061c                USART2_IRQHandler
                0x0800061c                I2C2_ER_IRQHandler
                0x0800061c                DMA1_Channel2_IRQHandler
                0x0800061c                FLASH_IRQHandler
                0x0800061c                USART1_IRQHandler
                0x0800061c                SPI3_IRQHandler
                0x0800061c                I2C1_ER_IRQHandler
                0x0800061c                DMA2_Channel3_IRQHandler
 .text.HAL_Init
                0x0800061e       0x30 ./Drivers/STM32L1xx_HAL_Driver/Src/stm32l1xx_hal.o
                0x0800061e                HAL_Init
 *fill*         0x0800064e        0x2 
 .text.HAL_InitTick
                0x08000650       0x74 ./Drivers/STM32L1xx_HAL_Driver/Src/stm32l1xx_hal.o
                0x08000650                HAL_InitTick
 .text.HAL_IncTick
                0x080006c4       0x24 ./Drivers/STM32L1xx_HAL_Driver/Src/stm32l1xx_hal.o
                0x080006c4                HAL_IncTick
 .text.HAL_GetTick
                0x080006e8       0x14 ./Drivers/STM32L1xx_HAL_Driver/Src/stm32l1xx_hal.o
                0x080006e8                HAL_GetTick
 .text.__NVIC_SetPriorityGrouping
                0x080006fc       0x48 ./Drivers/STM32L1xx_HAL_Driver/Src/stm32l1xx_hal_cortex.o
 .text.__NVIC_GetPriorityGrouping
                0x08000744       0x1c ./Drivers/STM32L1xx_HAL_Driver/Src/stm32l1xx_hal_cortex.o
 .text.__NVIC_SetPriority
                0x08000760       0x54 ./Drivers/STM32L1xx_HAL_Driver/Src/stm32l1xx_hal_cortex.o
 .text.NVIC_EncodePriority
                0x080007b4       0x64 ./Drivers/STM32L1xx_HAL_Driver/Src/stm32l1xx_hal_cortex.o
 .text.SysTick_Config
                0x08000818       0x44 ./Drivers/STM32L1xx_HAL_Driver/Src/stm32l1xx_hal_cortex.o
 .text.HAL_NVIC_SetPriorityGrouping
                0x0800085c       0x16 ./Drivers/STM32L1xx_HAL_Driver/Src/stm32l1xx_hal_cortex.o
                0x0800085c                HAL_NVIC_SetPriorityGrouping
 .text.HAL_NVIC_SetPriority
                0x08000872       0x38 ./Drivers/STM32L1xx_HAL_Driver/Src/stm32l1xx_hal_cortex.o
                0x08000872                HAL_NVIC_SetPriority
 .text.HAL_SYSTICK_Config
                0x080008aa       0x18 ./Drivers/STM32L1xx_HAL_Driver/Src/stm32l1xx_hal_cortex.o
                0x080008aa                HAL_SYSTICK_Config
 *fill*         0x080008c2        0x2 
 .text.HAL_RCC_OscConfig
                0x080008c4      0x660 ./Drivers/STM32L1xx_HAL_Driver/Src/stm32l1xx_hal_rcc.o
                0x080008c4                HAL_RCC_OscConfig
 .text.HAL_RCC_ClockConfig
                0x08000f24      0x268 ./Drivers/STM32L1xx_HAL_Driver/Src/stm32l1xx_hal_rcc.o
                0x08000f24                HAL_RCC_ClockConfig
 .text.HAL_RCC_GetSysClockFreq
                0x0800118c      0x17c ./Drivers/STM32L1xx_HAL_Driver/Src/stm32l1xx_hal_rcc.o
                0x0800118c                HAL_RCC_GetSysClockFreq
 .text.RCC_SetFlashLatencyFromMSIRange
                0x08001308       0xc0 ./Drivers/STM32L1xx_HAL_Driver/Src/stm32l1xx_hal_rcc.o
 .text.memset   0x080013c8       0x10 /home/Andrea/st/stm32cubeide_1.16.1_2/plugins/com.st.stm32cube.ide.mcu.externaltools.gnu-tools-for-stm32.12.3.rel1.linux64_1.0.200.202406132123/tools/bin/../lib/gcc/arm-none-eabi/12.3.1/../../../../arm-none-eabi/lib/thumb/v7-m/nofp/libc_nano.a(libc_a-memset.o)
                0x080013c8                memset
 .text.__libc_init_array
                0x080013d8       0x48 /home/Andrea/st/stm32cubeide_1.16.1_2/plugins/com.st.stm32cube.ide.mcu.externaltools.gnu-tools-for-stm32.12.3.rel1.linux64_1.0.200.202406132123/tools/bin/../lib/gcc/arm-none-eabi/12.3.1/../../../../arm-none-eabi/lib/thumb/v7-m/nofp/libc_nano.a(libc_a-init.o)
                0x080013d8                __libc_init_array
 *(.glue_7)
 .glue_7        0x08001420        0x0 linker stubs
 *(.glue_7t)
 .glue_7t       0x08001420        0x0 linker stubs
 *(.eh_frame)
 .eh_frame      0x08001420        0x0 /home/Andrea/st/stm32cubeide_1.16.1_2/plugins/com.st.stm32cube.ide.mcu.externaltools.gnu-tools-for-stm32.12.3.rel1.linux64_1.0.200.202406132123/tools/bin/../lib/gcc/arm-none-eabi/12.3.1/thumb/v7-m/nofp/crtbegin.o
 *(.init)
 .init          0x08001420        0x4 /home/Andrea/st/stm32cubeide_1.16.1_2/plugins/com.st.stm32cube.ide.mcu.externaltools.gnu-tools-for-stm32.12.3.rel1.linux64_1.0.200.202406132123/tools/bin/../lib/gcc/arm-none-eabi/12.3.1/thumb/v7-m/nofp/crti.o
                0x08001420                _init
 .init          0x08001424        0x8 /home/Andrea/st/stm32cubeide_1.16.1_2/plugins/com.st.stm32cube.ide.mcu.externaltools.gnu-tools-for-stm32.12.3.rel1.linux64_1.0.200.202406132123/tools/bin/../lib/gcc/arm-none-eabi/12.3.1/thumb/v7-m/nofp/crtn.o
 *(.fini)
 .fini          0x0800142c        0x4 /home/Andrea/st/stm32cubeide_1.16.1_2/plugins/com.st.stm32cube.ide.mcu.externaltools.gnu-tools-for-stm32.12.3.rel1.linux64_1.0.200.202406132123/tools/bin/../lib/gcc/arm-none-eabi/12.3.1/thumb/v7-m/nofp/crti.o
                0x0800142c                _fini
 .fini          0x08001430        0x8 /home/Andrea/st/stm32cubeide_1.16.1_2/plugins/com.st.stm32cube.ide.mcu.externaltools.gnu-tools-for-stm32.12.3.rel1.linux64_1.0.200.202406132123/tools/bin/../lib/gcc/arm-none-eabi/12.3.1/thumb/v7-m/nofp/crtn.o
                0x08001438                        . = ALIGN (0x4)
                0x08001438                        _etext = .

.vfp11_veneer   0x08001438        0x0
 .vfp11_veneer  0x08001438        0x0 linker stubs

.v4_bx          0x08001438        0x0
 .v4_bx         0x08001438        0x0 linker stubs

.iplt           0x08001438        0x0
 .iplt          0x08001438        0x0 /home/Andrea/st/stm32cubeide_1.16.1_2/plugins/com.st.stm32cube.ide.mcu.externaltools.gnu-tools-for-stm32.12.3.rel1.linux64_1.0.200.202406132123/tools/bin/../lib/gcc/arm-none-eabi/12.3.1/thumb/v7-m/nofp/crtbegin.o

.rodata         0x08001438       0x1c
                0x08001438                        . = ALIGN (0x4)
 *(.rodata)
 *(.rodata*)
 .rodata.PLLMulTable
                0x08001438        0x9 ./Core/Src/system_stm32l1xx.o
                0x08001438                PLLMulTable
 *fill*         0x08001441        0x3 
 .rodata.AHBPrescTable
                0x08001444       0x10 ./Core/Src/system_stm32l1xx.o
                0x08001444                AHBPrescTable
                0x08001454                        . = ALIGN (0x4)

.ARM.extab      0x08001454        0x0
                0x08001454                        . = ALIGN (0x4)
 *(.ARM.extab* .gnu.linkonce.armextab.*)
                0x08001454                        . = ALIGN (0x4)

.ARM            0x08001454        0x8
                0x08001454                        . = ALIGN (0x4)
                0x08001454                        __exidx_start = .
 *(.ARM.exidx*)
 .ARM.exidx     0x08001454        0x8 /home/Andrea/st/stm32cubeide_1.16.1_2/plugins/com.st.stm32cube.ide.mcu.externaltools.gnu-tools-for-stm32.12.3.rel1.linux64_1.0.200.202406132123/tools/bin/../lib/gcc/arm-none-eabi/12.3.1/thumb/v7-m/nofp/libgcc.a(_udivmoddi4.o)
                0x0800145c                        __exidx_end = .
                0x0800145c                        . = ALIGN (0x4)

.preinit_array  0x0800145c        0x0
                0x0800145c                        . = ALIGN (0x4)
                0x0800145c                        PROVIDE (__preinit_array_start = .)
 *(.preinit_array*)
                0x0800145c                        PROVIDE (__preinit_array_end = .)
                0x0800145c                        . = ALIGN (0x4)

.init_array     0x0800145c        0x4
                0x0800145c                        . = ALIGN (0x4)
                0x0800145c                        PROVIDE (__init_array_start = .)
 *(SORT_BY_NAME(.init_array.*))
 *(.init_array*)
 .init_array    0x0800145c        0x4 /home/Andrea/st/stm32cubeide_1.16.1_2/plugins/com.st.stm32cube.ide.mcu.externaltools.gnu-tools-for-stm32.12.3.rel1.linux64_1.0.200.202406132123/tools/bin/../lib/gcc/arm-none-eabi/12.3.1/thumb/v7-m/nofp/crtbegin.o
                0x08001460                        PROVIDE (__init_array_end = .)
                0x08001460                        . = ALIGN (0x4)

.fini_array     0x08001460        0x4
                0x08001460                        . = ALIGN (0x4)
                [!provide]                        PROVIDE (__fini_array_start = .)
 *(SORT_BY_NAME(.fini_array.*))
 *(.fini_array*)
 .fini_array    0x08001460        0x4 /home/Andrea/st/stm32cubeide_1.16.1_2/plugins/com.st.stm32cube.ide.mcu.externaltools.gnu-tools-for-stm32.12.3.rel1.linux64_1.0.200.202406132123/tools/bin/../lib/gcc/arm-none-eabi/12.3.1/thumb/v7-m/nofp/crtbegin.o
                [!provide]                        PROVIDE (__fini_array_end = .)
                0x08001464                        . = ALIGN (0x4)
                0x08001464                        _sidata = LOADADDR (.data)

.rel.dyn        0x08001464        0x0
 .rel.iplt      0x08001464        0x0 /home/Andrea/st/stm32cubeide_1.16.1_2/plugins/com.st.stm32cube.ide.mcu.externaltools.gnu-tools-for-stm32.12.3.rel1.linux64_1.0.200.202406132123/tools/bin/../lib/gcc/arm-none-eabi/12.3.1/thumb/v7-m/nofp/crtbegin.o

.data           0x20000000        0xc load address 0x08001464
                0x20000000                        . = ALIGN (0x4)
                0x20000000                        _sdata = .
 *(.data)
 *(.data*)
 .data.SystemCoreClock
                0x20000000        0x4 ./Core/Src/system_stm32l1xx.o
                0x20000000                SystemCoreClock
 .data.uwTickPrio
                0x20000004        0x4 ./Drivers/STM32L1xx_HAL_Driver/Src/stm32l1xx_hal.o
                0x20000004                uwTickPrio
 .data.uwTickFreq
                0x20000008        0x4 ./Drivers/STM32L1xx_HAL_Driver/Src/stm32l1xx_hal.o
                0x20000008                uwTickFreq
 *(.RamFunc)
 *(.RamFunc*)
                0x2000000c                        . = ALIGN (0x4)
                0x2000000c                        _edata = .

.igot.plt       0x2000000c        0x0 load address 0x08001470
 .igot.plt      0x2000000c        0x0 /home/Andrea/st/stm32cubeide_1.16.1_2/plugins/com.st.stm32cube.ide.mcu.externaltools.gnu-tools-for-stm32.12.3.rel1.linux64_1.0.200.202406132123/tools/bin/../lib/gcc/arm-none-eabi/12.3.1/thumb/v7-m/nofp/crtbegin.o
                0x2000000c                        . = ALIGN (0x4)

.bss            0x2000000c       0x20 load address 0x08001470
                0x2000000c                        _sbss = .
                0x2000000c                        __bss_start__ = _sbss
 *(.bss)
 .bss           0x2000000c       0x1c /home/Andrea/st/stm32cubeide_1.16.1_2/plugins/com.st.stm32cube.ide.mcu.externaltools.gnu-tools-for-stm32.12.3.rel1.linux64_1.0.200.202406132123/tools/bin/../lib/gcc/arm-none-eabi/12.3.1/thumb/v7-m/nofp/crtbegin.o
 *(.bss*)
 .bss.uwTick    0x20000028        0x4 ./Drivers/STM32L1xx_HAL_Driver/Src/stm32l1xx_hal.o
                0x20000028                uwTick
 *(COMMON)
                0x2000002c                        . = ALIGN (0x4)
                0x2000002c                        _ebss = .
                0x2000002c                        __bss_end__ = _ebss

._user_heap_stack
                0x2000002c      0x604 load address 0x08001470
                0x20000030                        . = ALIGN (0x8)
 *fill*         0x2000002c        0x4 
                [!provide]                        PROVIDE (end = .)
                0x20000030                        PROVIDE (_end = .)
                0x20000230                        . = (. + _Min_Heap_Size)
 *fill*         0x20000030      0x200 
                0x20000630                        . = (. + _Min_Stack_Size)
 *fill*         0x20000230      0x400 
                0x20000630                        . = ALIGN (0x8)

/DISCARD/
 libc.a(*)
 libm.a(*)
 libgcc.a(*)

.ARM.attributes
                0x00000000       0x29
 *(.ARM.attributes)
 .ARM.attributes
                0x00000000       0x1d /home/Andrea/st/stm32cubeide_1.16.1_2/plugins/com.st.stm32cube.ide.mcu.externaltools.gnu-tools-for-stm32.12.3.rel1.linux64_1.0.200.202406132123/tools/bin/../lib/gcc/arm-none-eabi/12.3.1/thumb/v7-m/nofp/crti.o
 .ARM.attributes
                0x0000001d       0x2d /home/Andrea/st/stm32cubeide_1.16.1_2/plugins/com.st.stm32cube.ide.mcu.externaltools.gnu-tools-for-stm32.12.3.rel1.linux64_1.0.200.202406132123/tools/bin/../lib/gcc/arm-none-eabi/12.3.1/thumb/v7-m/nofp/crtbegin.o
 .ARM.attributes
                0x0000004a       0x2d ./Core/Src/main.o
 .ARM.attributes
                0x00000077       0x2d ./Core/Src/stm32l1xx_hal_msp.o
 .ARM.attributes
                0x000000a4       0x2d ./Core/Src/stm32l1xx_it.o
 .ARM.attributes
                0x000000d1       0x2d ./Core/Src/system_stm32l1xx.o
 .ARM.attributes
                0x000000fe       0x21 ./Core/Startup/startup_stm32l152retx.o
 .ARM.attributes
                0x0000011f       0x2d ./Drivers/STM32L1xx_HAL_Driver/Src/stm32l1xx_hal.o
 .ARM.attributes
                0x0000014c       0x2d ./Drivers/STM32L1xx_HAL_Driver/Src/stm32l1xx_hal_cortex.o
 .ARM.attributes
                0x00000179       0x2d ./Drivers/STM32L1xx_HAL_Driver/Src/stm32l1xx_hal_rcc.o
 .ARM.attributes
                0x000001a6       0x2d /home/Andrea/st/stm32cubeide_1.16.1_2/plugins/com.st.stm32cube.ide.mcu.externaltools.gnu-tools-for-stm32.12.3.rel1.linux64_1.0.200.202406132123/tools/bin/../lib/gcc/arm-none-eabi/12.3.1/../../../../arm-none-eabi/lib/thumb/v7-m/nofp/libc_nano.a(libc_a-memset.o)
 .ARM.attributes
                0x000001d3       0x2d /home/Andrea/st/stm32cubeide_1.16.1_2/plugins/com.st.stm32cube.ide.mcu.externaltools.gnu-tools-for-stm32.12.3.rel1.linux64_1.0.200.202406132123/tools/bin/../lib/gcc/arm-none-eabi/12.3.1/../../../../arm-none-eabi/lib/thumb/v7-m/nofp/libc_nano.a(libc_a-init.o)
 .ARM.attributes
                0x00000200       0x1d /home/Andrea/st/stm32cubeide_1.16.1_2/plugins/com.st.stm32cube.ide.mcu.externaltools.gnu-tools-for-stm32.12.3.rel1.linux64_1.0.200.202406132123/tools/bin/../lib/gcc/arm-none-eabi/12.3.1/thumb/v7-m/nofp/libgcc.a(_aeabi_uldivmod.o)
 .ARM.attributes
                0x0000021d       0x2d /home/Andrea/st/stm32cubeide_1.16.1_2/plugins/com.st.stm32cube.ide.mcu.externaltools.gnu-tools-for-stm32.12.3.rel1.linux64_1.0.200.202406132123/tools/bin/../lib/gcc/arm-none-eabi/12.3.1/thumb/v7-m/nofp/libgcc.a(_udivmoddi4.o)
 .ARM.attributes
                0x0000024a       0x1d /home/Andrea/st/stm32cubeide_1.16.1_2/plugins/com.st.stm32cube.ide.mcu.externaltools.gnu-tools-for-stm32.12.3.rel1.linux64_1.0.200.202406132123/tools/bin/../lib/gcc/arm-none-eabi/12.3.1/thumb/v7-m/nofp/libgcc.a(_dvmd_tls.o)
 .ARM.attributes
                0x00000267       0x1d /home/Andrea/st/stm32cubeide_1.16.1_2/plugins/com.st.stm32cube.ide.mcu.externaltools.gnu-tools-for-stm32.12.3.rel1.linux64_1.0.200.202406132123/tools/bin/../lib/gcc/arm-none-eabi/12.3.1/thumb/v7-m/nofp/crtn.o
OUTPUT(prova.elf elf32-littlearm)
LOAD linker stubs
LOAD /home/Andrea/st/stm32cubeide_1.16.1_2/plugins/com.st.stm32cube.ide.mcu.externaltools.gnu-tools-for-stm32.12.3.rel1.linux64_1.0.200.202406132123/tools/bin/../lib/gcc/arm-none-eabi/12.3.1/../../../../arm-none-eabi/lib/thumb/v7-m/nofp/libc.a
LOAD /home/Andrea/st/stm32cubeide_1.16.1_2/plugins/com.st.stm32cube.ide.mcu.externaltools.gnu-tools-for-stm32.12.3.rel1.linux64_1.0.200.202406132123/tools/bin/../lib/gcc/arm-none-eabi/12.3.1/../../../../arm-none-eabi/lib/thumb/v7-m/nofp/libm.a
LOAD /home/Andrea/st/stm32cubeide_1.16.1_2/plugins/com.st.stm32cube.ide.mcu.externaltools.gnu-tools-for-stm32.12.3.rel1.linux64_1.0.200.202406132123/tools/bin/../lib/gcc/arm-none-eabi/12.3.1/thumb/v7-m/nofp/libgcc.a

.debug_info     0x00000000     0x25bc
 .debug_info    0x00000000      0x2da ./Core/Src/main.o
 .debug_info    0x000002da      0x1b4 ./Core/Src/stm32l1xx_hal_msp.o
 .debug_info    0x0000048e      0x113 ./Core/Src/stm32l1xx_it.o
 .debug_info    0x000005a1      0x27c ./Core/Src/system_stm32l1xx.o
 .debug_info    0x0000081d       0x30 ./Core/Startup/startup_stm32l152retx.o
 .debug_info    0x0000084d      0x6ef ./Drivers/STM32L1xx_HAL_Driver/Src/stm32l1xx_hal.o
 .debug_info    0x00000f3c      0xce5 ./Drivers/STM32L1xx_HAL_Driver/Src/stm32l1xx_hal_cortex.o
 .debug_info    0x00001c21      0x99b ./Drivers/STM32L1xx_HAL_Driver/Src/stm32l1xx_hal_rcc.o

.debug_abbrev   0x00000000      0xc54
 .debug_abbrev  0x00000000      0x192 ./Core/Src/main.o
 .debug_abbrev  0x00000192       0xc6 ./Core/Src/stm32l1xx_hal_msp.o
 .debug_abbrev  0x00000258       0x73 ./Core/Src/stm32l1xx_it.o
 .debug_abbrev  0x000002cb      0x11c ./Core/Src/system_stm32l1xx.o
 .debug_abbrev  0x000003e7       0x24 ./Core/Startup/startup_stm32l152retx.o
 .debug_abbrev  0x0000040b      0x275 ./Drivers/STM32L1xx_HAL_Driver/Src/stm32l1xx_hal.o
 .debug_abbrev  0x00000680      0x31c ./Drivers/STM32L1xx_HAL_Driver/Src/stm32l1xx_hal_cortex.o
 .debug_abbrev  0x0000099c      0x2b8 ./Drivers/STM32L1xx_HAL_Driver/Src/stm32l1xx_hal_rcc.o

.debug_aranges  0x00000000      0x398
 .debug_aranges
                0x00000000       0x30 ./Core/Src/main.o
 .debug_aranges
                0x00000030       0x20 ./Core/Src/stm32l1xx_hal_msp.o
 .debug_aranges
                0x00000050       0x60 ./Core/Src/stm32l1xx_it.o
 .debug_aranges
                0x000000b0       0x28 ./Core/Src/system_stm32l1xx.o
 .debug_aranges
                0x000000d8       0x28 ./Core/Startup/startup_stm32l152retx.o
 .debug_aranges
                0x00000100       0xe0 ./Drivers/STM32L1xx_HAL_Driver/Src/stm32l1xx_hal.o
 .debug_aranges
                0x000001e0      0x128 ./Drivers/STM32L1xx_HAL_Driver/Src/stm32l1xx_hal_cortex.o
 .debug_aranges
                0x00000308       0x90 ./Drivers/STM32L1xx_HAL_Driver/Src/stm32l1xx_hal_rcc.o

.debug_rnglists
                0x00000000      0x292
 .debug_rnglists
                0x00000000       0x20 ./Core/Src/main.o
 .debug_rnglists
                0x00000020       0x13 ./Core/Src/stm32l1xx_hal_msp.o
 .debug_rnglists
                0x00000033       0x43 ./Core/Src/stm32l1xx_it.o
 .debug_rnglists
                0x00000076       0x1a ./Core/Src/system_stm32l1xx.o
 .debug_rnglists
                0x00000090       0x19 ./Core/Startup/startup_stm32l152retx.o
 .debug_rnglists
                0x000000a9       0xa3 ./Drivers/STM32L1xx_HAL_Driver/Src/stm32l1xx_hal.o
 .debug_rnglists
                0x0000014c       0xd9 ./Drivers/STM32L1xx_HAL_Driver/Src/stm32l1xx_hal_cortex.o
 .debug_rnglists
                0x00000225       0x6d ./Drivers/STM32L1xx_HAL_Driver/Src/stm32l1xx_hal_rcc.o

.debug_macro    0x00000000    0x141bf
 .debug_macro   0x00000000      0x19b ./Core/Src/main.o
 .debug_macro   0x0000019b      0xaa8 ./Core/Src/main.o
 .debug_macro   0x00000c43      0x103 ./Core/Src/main.o
 .debug_macro   0x00000d46       0x2e ./Core/Src/main.o
 .debug_macro   0x00000d74       0x22 ./Core/Src/main.o
 .debug_macro   0x00000d96       0x22 ./Core/Src/main.o
 .debug_macro   0x00000db8       0x8e ./Core/Src/main.o
 .debug_macro   0x00000e46       0x51 ./Core/Src/main.o
 .debug_macro   0x00000e97      0x103 ./Core/Src/main.o
 .debug_macro   0x00000f9a       0x6a ./Core/Src/main.o
 .debug_macro   0x00001004      0x1df ./Core/Src/main.o
 .debug_macro   0x000011e3       0x1c ./Core/Src/main.o
 .debug_macro   0x000011ff       0x22 ./Core/Src/main.o
 .debug_macro   0x00001221       0xbd ./Core/Src/main.o
 .debug_macro   0x000012de      0xe49 ./Core/Src/main.o
 .debug_macro   0x00002127      0x11f ./Core/Src/main.o
 .debug_macro   0x00002246     0xb7a1 ./Core/Src/main.o
 .debug_macro   0x0000d9e7       0x6d ./Core/Src/main.o
 .debug_macro   0x0000da54     0x34e1 ./Core/Src/main.o
 .debug_macro   0x00010f35      0x189 ./Core/Src/main.o
 .debug_macro   0x000110be       0x5b ./Core/Src/main.o
 .debug_macro   0x00011119      0xe37 ./Core/Src/main.o
 .debug_macro   0x00011f50      0x35b ./Core/Src/main.o
 .debug_macro   0x000122ab      0x1b8 ./Core/Src/main.o
 .debug_macro   0x00012463       0xc5 ./Core/Src/main.o
 .debug_macro   0x00012528      0x21e ./Core/Src/main.o
 .debug_macro   0x00012746      0x236 ./Core/Src/main.o
 .debug_macro   0x0001297c      0x115 ./Core/Src/main.o
 .debug_macro   0x00012a91      0x567 ./Core/Src/main.o
 .debug_macro   0x00012ff8      0x1e9 ./Core/Src/main.o
 .debug_macro   0x000131e1       0x22 ./Core/Src/main.o
 .debug_macro   0x00013203      0x170 ./Core/Src/main.o
 .debug_macro   0x00013373      0x492 ./Core/Src/main.o
 .debug_macro   0x00013805      0x19b ./Core/Src/stm32l1xx_hal_msp.o
 .debug_macro   0x000139a0      0x1a5 ./Core/Src/stm32l1xx_it.o
 .debug_macro   0x00013b45      0x191 ./Core/Src/system_stm32l1xx.o
 .debug_macro   0x00013cd6      0x1b5 ./Drivers/STM32L1xx_HAL_Driver/Src/stm32l1xx_hal.o
 .debug_macro   0x00013e8b      0x191 ./Drivers/STM32L1xx_HAL_Driver/Src/stm32l1xx_hal_cortex.o
 .debug_macro   0x0001401c      0x1a3 ./Drivers/STM32L1xx_HAL_Driver/Src/stm32l1xx_hal_rcc.o

.debug_line     0x00000000     0x3efb
 .debug_line    0x00000000      0x6c4 ./Core/Src/main.o
 .debug_line    0x000006c4      0x65a ./Core/Src/stm32l1xx_hal_msp.o
 .debug_line    0x00000d1e      0x71b ./Core/Src/stm32l1xx_it.o
 .debug_line    0x00001439      0x6f9 ./Core/Src/system_stm32l1xx.o
 .debug_line    0x00001b32       0x79 ./Core/Startup/startup_stm32l152retx.o
 .debug_line    0x00001bab      0x91c ./Drivers/STM32L1xx_HAL_Driver/Src/stm32l1xx_hal.o
 .debug_line    0x000024c7      0xc11 ./Drivers/STM32L1xx_HAL_Driver/Src/stm32l1xx_hal_cortex.o
 .debug_line    0x000030d8      0xe23 ./Drivers/STM32L1xx_HAL_Driver/Src/stm32l1xx_hal_rcc.o

.debug_str      0x00000000    0x7eea3
 .debug_str     0x00000000    0x7deb8 ./Core/Src/main.o
                              0x7e118 (size before relaxing)
 .debug_str     0x0007deb8       0x98 ./Core/Src/stm32l1xx_hal_msp.o
                              0x7dfc3 (size before relaxing)
 .debug_str     0x0007df50       0xc9 ./Core/Src/stm32l1xx_it.o
                              0x7dfe0 (size before relaxing)
 .debug_str     0x0007e019       0xa3 ./Core/Src/system_stm32l1xx.o
                              0x7e031 (size before relaxing)
 .debug_str     0x0007e0bc       0x44 ./Core/Startup/startup_stm32l152retx.o
                                 0x7b (size before relaxing)
 .debug_str     0x0007e100      0x695 ./Drivers/STM32L1xx_HAL_Driver/Src/stm32l1xx_hal.o
                              0x7e759 (size before relaxing)
 .debug_str     0x0007e795      0x41c ./Drivers/STM32L1xx_HAL_Driver/Src/stm32l1xx_hal_cortex.o
                              0x7e865 (size before relaxing)
 .debug_str     0x0007ebb1      0x2f2 ./Drivers/STM32L1xx_HAL_Driver/Src/stm32l1xx_hal_rcc.o
                              0x7e4ed (size before relaxing)

.comment        0x00000000       0x43
 .comment       0x00000000       0x43 ./Core/Src/main.o
                                 0x44 (size before relaxing)
 .comment       0x00000043       0x44 ./Core/Src/stm32l1xx_hal_msp.o
 .comment       0x00000043       0x44 ./Core/Src/stm32l1xx_it.o
 .comment       0x00000043       0x44 ./Core/Src/system_stm32l1xx.o
 .comment       0x00000043       0x44 ./Drivers/STM32L1xx_HAL_Driver/Src/stm32l1xx_hal.o
 .comment       0x00000043       0x44 ./Drivers/STM32L1xx_HAL_Driver/Src/stm32l1xx_hal_cortex.o
 .comment       0x00000043       0x44 ./Drivers/STM32L1xx_HAL_Driver/Src/stm32l1xx_hal_rcc.o

.debug_frame    0x00000000      0xcf0
 .debug_frame   0x00000000       0x68 ./Core/Src/main.o
 .debug_frame   0x00000068       0x38 ./Core/Src/stm32l1xx_hal_msp.o
 .debug_frame   0x000000a0      0x104 ./Core/Src/stm32l1xx_it.o
 .debug_frame   0x000001a4       0x58 ./Core/Src/system_stm32l1xx.o
 .debug_frame   0x000001fc      0x33c ./Drivers/STM32L1xx_HAL_Driver/Src/stm32l1xx_hal.o
 .debug_frame   0x00000538      0x4e8 ./Drivers/STM32L1xx_HAL_Driver/Src/stm32l1xx_hal_cortex.o
 .debug_frame   0x00000a20      0x224 ./Drivers/STM32L1xx_HAL_Driver/Src/stm32l1xx_hal_rcc.o
 .debug_frame   0x00000c44       0x20 /home/Andrea/st/stm32cubeide_1.16.1_2/plugins/com.st.stm32cube.ide.mcu.externaltools.gnu-tools-for-stm32.12.3.rel1.linux64_1.0.200.202406132123/tools/bin/../lib/gcc/arm-none-eabi/12.3.1/../../../../arm-none-eabi/lib/thumb/v7-m/nofp/libc_nano.a(libc_a-memset.o)
 .debug_frame   0x00000c64       0x2c /home/Andrea/st/stm32cubeide_1.16.1_2/plugins/com.st.stm32cube.ide.mcu.externaltools.gnu-tools-for-stm32.12.3.rel1.linux64_1.0.200.202406132123/tools/bin/../lib/gcc/arm-none-eabi/12.3.1/../../../../arm-none-eabi/lib/thumb/v7-m/nofp/libc_nano.a(libc_a-init.o)
 .debug_frame   0x00000c90       0x2c /home/Andrea/st/stm32cubeide_1.16.1_2/plugins/com.st.stm32cube.ide.mcu.externaltools.gnu-tools-for-stm32.12.3.rel1.linux64_1.0.200.202406132123/tools/bin/../lib/gcc/arm-none-eabi/12.3.1/thumb/v7-m/nofp/libgcc.a(_aeabi_uldivmod.o)
 .debug_frame   0x00000cbc       0x34 /home/Andrea/st/stm32cubeide_1.16.1_2/plugins/com.st.stm32cube.ide.mcu.externaltools.gnu-tools-for-stm32.12.3.rel1.linux64_1.0.200.202406132123/tools/bin/../lib/gcc/arm-none-eabi/12.3.1/thumb/v7-m/nofp/libgcc.a(_udivmoddi4.o)

.debug_line_str
                0x00000000       0x5f
 .debug_line_str
                0x00000000       0x5f ./Core/Startup/startup_stm32l152retx.o
